// Jest Snapshot v1, https://goo.gl/fbAQLP

exports[`Should render expense list with empty message 1`] = `
<div>
  <p>
    No expenses
  </p>
</div>
`;

exports[`Should render expense list with expenses 1`] = `
<div>
  <ExpenseListItem
    amount={195}
    createdAt={0}
    description="Gum"
    id="1"
    key="1"
  />
  <ExpenseListItem
    amount={2000}
    createdAt={-345600000}
    description="Rent"
    id="2"
    key="2"
  />
  <ExpenseListItem
    amount={500}
    createdAt={345600000}
    description="Water"
    id="3"
    key="3"
  />
</div>
`;
